
-----
Test: test/test_google_maps_api.py::Test_create_place::test_create_new_place (call)
Time: 2026-05-28 17:29:49.862076
Request method: POST
Request URL: https://rahulshettyacademy.com/maps/api/place/add/json?key=qaclick123

Response code: 200
Response text: {"status":"OK","place_id":"fb335bc7c696f99106e133f3569190bb","scope":"APP","reference":"c1ecf421c671450c9aa144b583eb1978c1ecf421c671450c9aa144b583eb1978","id":"c1ecf421c671450c9aa144b583eb1978"}
Response headers: {'Date': 'Thu, 28 May 2026 14:29:50 GMT', 'Server': 'Apache/2.4.52 (Ubuntu)', 'Strict-Transport-Security': 'max-age=604800; includeSubDomains', 'Access-Control-Allow-Origin': '*', 'Access-Control-Allow-Methods': 'POST', 'Access-Control-Max-Age': '3600', 'Access-Control-Allow-Headers': 'Content-Type, Access-Control-Allow-Headers, Authorization, X-Requested-With', 'Content-Length': '194', 'Keep-Alive': 'timeout=5, max=100', 'Connection': 'Keep-Alive', 'Content-Type': 'application/json;charset=UTF-8'}
Response cookies: {}

-----

-----
Test: test/test_google_maps_api.py::Test_create_place::test_create_new_place (call)
Time: 2026-05-28 17:29:50.895461
Request method: GET
Request URL: https://rahulshettyacademy.com/maps/api/place/get/json?key=qaclick123&place_id=fb335bc7c696f99106e133f3569190bb

Response code: 200
Response text: {"location":{"latitude":"-38.383494","longitude":"33.427362"},"accuracy":"50","name":"Frontline house","phone_number":"(+91) 983 893 3937","address":"29, side layout, cohen 09","types":"shoe park,shop","website":"http:\/\/google.com","language":"French-IN"}
Response headers: {'Date': 'Thu, 28 May 2026 14:29:51 GMT', 'Server': 'Apache/2.4.52 (Ubuntu)', 'Strict-Transport-Security': 'max-age=604800; includeSubDomains', 'Access-Control-Allow-Origin': '*', 'Access-Control-Allow-Methods': 'POST', 'Access-Control-Max-Age': '3600', 'Access-Control-Allow-Headers': 'Content-Type, Access-Control-Allow-Headers, Authorization, X-Requested-With', 'Content-Length': '257', 'Keep-Alive': 'timeout=5, max=100', 'Connection': 'Keep-Alive', 'Content-Type': 'application/json;charset=UTF-8'}
Response cookies: {}

-----

-----
Test: test/test_google_maps_api.py::Test_create_place::test_create_new_place (call)
Time: 2026-05-28 17:29:53.830202
Request method: PUT
Request URL: https://rahulshettyacademy.com/maps/api/place/update/json?key=qaclick123

Response code: 200
Response text: {"msg":"Address successfully updated"}
Response headers: {'Date': 'Thu, 28 May 2026 14:29:54 GMT', 'Server': 'Apache/2.4.52 (Ubuntu)', 'Strict-Transport-Security': 'max-age=604800; includeSubDomains', 'Access-Control-Allow-Origin': '*', 'Access-Control-Allow-Methods': 'POST', 'Access-Control-Max-Age': '3600', 'Access-Control-Allow-Headers': 'Content-Type, Access-Control-Allow-Headers, Authorization, X-Requested-With', 'Content-Length': '38', 'Keep-Alive': 'timeout=5, max=100', 'Connection': 'Keep-Alive', 'Content-Type': 'application/json;charset=UTF-8'}
Response cookies: {}

-----

-----
Test: test/test_google_maps_api.py::Test_create_place::test_create_new_place (call)
Time: 2026-05-28 17:29:57.554276
Request method: GET
Request URL: https://rahulshettyacademy.com/maps/api/place/get/json?key=qaclick123&place_id=fb335bc7c696f99106e133f3569190bb

Response code: 200
Response text: {"location":{"latitude":"-38.383494","longitude":"33.427362"},"accuracy":"50","name":"Frontline house","phone_number":"(+91) 983 893 3937","address":"100 Lenina street, RU","types":"shoe park,shop","website":"http:\/\/google.com","language":"French-IN"}
Response headers: {'Date': 'Thu, 28 May 2026 14:29:58 GMT', 'Server': 'Apache/2.4.52 (Ubuntu)', 'Strict-Transport-Security': 'max-age=604800; includeSubDomains', 'Access-Control-Allow-Origin': '*', 'Access-Control-Allow-Methods': 'POST', 'Access-Control-Max-Age': '3600', 'Access-Control-Allow-Headers': 'Content-Type, Access-Control-Allow-Headers, Authorization, X-Requested-With', 'Content-Length': '253', 'Keep-Alive': 'timeout=5, max=100', 'Connection': 'Keep-Alive', 'Content-Type': 'application/json;charset=UTF-8'}
Response cookies: {}

-----

-----
Test: test/test_google_maps_api.py::Test_create_place::test_create_new_place (call)
Time: 2026-05-28 17:30:00.780912
Request method: DELETE
Request URL: https://rahulshettyacademy.com/maps/api/place/delete/json?key=qaclick123

Response code: 200
Response text: {"status":"OK"}
Response headers: {'Date': 'Thu, 28 May 2026 14:30:01 GMT', 'Server': 'Apache/2.4.52 (Ubuntu)', 'Strict-Transport-Security': 'max-age=604800; includeSubDomains', 'Access-Control-Allow-Origin': '*', 'Access-Control-Allow-Methods': 'POST', 'Access-Control-Max-Age': '3600', 'Access-Control-Allow-Headers': 'Content-Type, Access-Control-Allow-Headers, Authorization, X-Requested-With', 'Content-Length': '15', 'Keep-Alive': 'timeout=5, max=100', 'Connection': 'Keep-Alive', 'Content-Type': 'application/json;charset=UTF-8'}
Response cookies: {}

-----

-----
Test: test/test_google_maps_api.py::Test_create_place::test_create_new_place (call)
Time: 2026-05-28 17:30:05.433948
Request method: GET
Request URL: https://rahulshettyacademy.com/maps/api/place/get/json?key=qaclick123&place_id=fb335bc7c696f99106e133f3569190bb

Response code: 404
Response text: {"msg":"Get operation failed, looks like place_id  doesn't exists"}
Response headers: {'Date': 'Thu, 28 May 2026 14:30:06 GMT', 'Server': 'Apache/2.4.52 (Ubuntu)', 'Strict-Transport-Security': 'max-age=604800; includeSubDomains', 'Access-Control-Allow-Origin': '*', 'Access-Control-Allow-Methods': 'POST', 'Access-Control-Max-Age': '3600', 'Access-Control-Allow-Headers': 'Content-Type, Access-Control-Allow-Headers, Authorization, X-Requested-With', 'Content-Length': '67', 'Keep-Alive': 'timeout=5, max=100', 'Connection': 'Keep-Alive', 'Content-Type': 'application/json;charset=UTF-8'}
Response cookies: {}

-----
